[themewagon.github.io/Charitize/index.html]
[backblue.gif]
[fade.gif]
[index.html]
[themewagon.github.io/Charitize/img/favicon.ico]
[cdnjs.cloudflare.com/ajax/libs/font-awesome/7.0.0/css/all.min.css]
[cdn.jsdelivr.net/npm/bootstrap-icons@1.4.1/font/bootstrap-icons.css]
[themewagon.github.io/Charitize/lib/animate/animate.min.css]
[themewagon.github.io/Charitize/lib/owlcarousel/assets/owl.carousel.min.css]
[themewagon.github.io/Charitize/css/bootstrap.min.css]
[themewagon.github.io/Charitize/css/style.css]
[themewagon.github.io/Charitize/index-2.html]
[themewagon.github.io/Charitize/about.html]
[themewagon.github.io/Charitize/service.html]
[themewagon.github.io/Charitize/donation.html]
[themewagon.github.io/Charitize/event.html]
[themewagon.github.io/Charitize/feature.html]
[themewagon.github.io/Charitize/team.html]
[themewagon.github.io/Charitize/testimonial.html]
[themewagon.github.io/Charitize/404.html]
[themewagon.github.io/Charitize/contact.html]
[themewagon.github.io/Charitize/img/carousel-1.jpg]
[themewagon.github.io/Charitize/img/carousel-2.jpg]
[themewagon.github.io/Charitize/img/about.jpg]
[themewagon.github.io/Charitize/img/donation-1.jpg]
[themewagon.github.io/Charitize/img/donation-2.jpg]
[themewagon.github.io/Charitize/img/donation-3.jpg]
[themewagon.github.io/Charitize/img/event-1.jpg]
[themewagon.github.io/Charitize/img/event-2.jpg]
[themewagon.github.io/Charitize/img/event-3.jpg]
[themewagon.github.io/Charitize/img/team-1.jpg]
[themewagon.github.io/Charitize/img/team-2.jpg]
[themewagon.github.io/Charitize/img/team-3.jpg]
[themewagon.github.io/Charitize/img/testimonial-1.jpg]
[themewagon.github.io/Charitize/img/testimonial-2.jpg]
[themewagon.github.io/Charitize/img/testimonial-3.jpg]
[themewagon.github.io/Charitize/img/gallery-1.jpg]
[themewagon.github.io/Charitize/img/gallery-2.jpg]
[themewagon.github.io/Charitize/img/gallery-3.jpg]
[themewagon.github.io/Charitize/img/gallery-4.jpg]
[themewagon.github.io/Charitize/img/gallery-5.jpg]
[themewagon.github.io/Charitize/img/gallery-6.jpg]
[code.jquery.com/jquery-3.4.1.min.js]
[themewagon.github.io/Charitize/lib/wow/wow.min.js]
[themewagon.github.io/Charitize/lib/easing/easing.min.js]
[cdn.jsdelivr.net/npm/bootstrap@5.0.0/dist/js/bootstrap.bundle.min.js]
[themewagon.github.io/Charitize/lib/waypoints/waypoints.min.js]
[themewagon.github.io/Charitize/lib/owlcarousel/owl.carousel.min.js]
[themewagon.github.io/Charitize/lib/counterup/counterup.min.js]
[themewagon.github.io/Charitize/js/main.js]
[themewagon.github.io/Charitize/index.html]
[themewagon.github.io/Charitize/img/favicon.html]
[cdnjs.cloudflare.com/ajax/libs/font-awesome/7.0.0/css/all.min.css]
[cdn.jsdelivr.net/npm/bootstrap-icons@1.4.1/font/fonts/bootstrap-iconsfb95.woff2]
[cdn.jsdelivr.net/npm/bootstrap-icons@1.4.1/font/fonts/bootstrap-iconsfb95.woff]
[cdn.jsdelivr.net/npm/bootstrap-icons@1.4.1/font/bootstrap-icons.css]
[themewagon.github.io/Charitize/lib/animate/animate.min.css]
[themewagon.github.io/Charitize/lib/owlcarousel/assets/owl.video.play.png]
[themewagon.github.io/Charitize/lib/owlcarousel/assets/owl.carousel.min.css]
[themewagon.github.io/Charitize/css/bootstrap.min.css]
[themewagon.github.io/Charitize/img/bg.jpg]
[themewagon.github.io/Charitize/img/bg-footer.jpg]
[themewagon.github.io/Charitize/css/style.css]
[themewagon.github.io/Charitize/index-2.html]
[themewagon.github.io/Charitize/about.html]
[themewagon.github.io/Charitize/service.html]
[themewagon.github.io/Charitize/donation.html]
[themewagon.github.io/Charitize/event.html]
[themewagon.github.io/Charitize/feature.html]
[themewagon.github.io/Charitize/team.html]
[themewagon.github.io/Charitize/testimonial.html]
[themewagon.github.io/Charitize/404.html]
[themewagon.github.io/Charitize/contact.html]
